// Jest Snapshot v1, https://goo.gl/fbAQLP

exports[`Button has correct snapshot 1`] = `
<div>
  <button
    class="css-twz5y6"
  />
</div>
`;
